
> client@0.0.0 build
> vite build

[36mvite v7.3.1 [32mbuilding client environment for production...[36m[39m
transforming...
[32mΓ£ô[39m 1808 modules transformed.
node.exe : 
[31mΓ£ù[39m Build 
failed in 3.66s
At line:1 char:1
+ & "C:\Program 
Files\nodejs/node.exe" 
"C:\Program 
Files\nodejs/node_mo 
...
+ ~~~~~~~~~~~~~~~~~~~~~
~~~~~~~~~~~~~~~~~~~~~~~
~~~~~~~~~~~~~~~~~~~~~~~
~~
    + CategoryInfo     
         : NotSpecifi  
  ed: ([31mΓ£ù[39m   
  Build failed in 3    
.66s:String) [], R    
emoteException
    + FullyQualifiedEr 
   rorId : NativeComm  
  andError
 
[31merror during 
build:
[31msrc/App.jsx 
(10:7): "default" is 
not exported by 
"src/pages/HR/HR.jsx", 
imported by 
"src/App.jsx".[31m
file: [36mD:/FYP_Antig
ravity/client/src/App.j
sx:10:7[31m
[33m
 8: import Dashboard 
from './pages/Dashboard
/Dashboard';
 9: import Board from 
'./pages/Board/Board';
10: import HR from 
'./pages/HR/HR';
           ^
11: import NotFound 
from './pages/NotFound/
NotFound';
[31m
    at getRollupError (
file:///D:/FYP_Antigrav
ity/client/node_modules
/rollup/dist/es/shared/
parseAst.js:402:41)
    at error (file:///D
:/FYP_Antigravity/clien
t/node_modules/rollup/d
ist/es/shared/parseAst.
js:398:42)
    at Module.error (fi
le:///D:/FYP_Antigravit
y/client/node_modules/r
ollup/dist/es/shared/no
de-entry.js:17040:16)
    at 
Module.traceVariable (f
ile:///D:/FYP_Antigravi
ty/client/node_modules/
rollup/dist/es/shared/n
ode-entry.js:17452:29)
    at ModuleScope.find
Variable (file:///D:/FY
P_Antigravity/client/no
de_modules/rollup/dist/
es/shared/node-entry.js
:15070:39)
    at FunctionScope.fi
ndVariable (file:///D:/
FYP_Antigravity/client/
node_modules/rollup/dis
t/es/shared/node-entry.
js:5673:38)
    at FunctionBodyScop
e.findVariable (file://
/D:/FYP_Antigravity/cli
ent/node_modules/rollup
/dist/es/shared/node-en
try.js:5673:38)
    at Identifier.bind 
(file:///D:/FYP_Antigra
vity/client/node_module
s/rollup/dist/es/shared
/node-entry.js:5447:40)
    at 
CallExpression.bind (fi
le:///D:/FYP_Antigravit
y/client/node_modules/r
ollup/dist/es/shared/no
de-entry.js:2825:28)
    at 
CallExpression.bind (fi
le:///D:/FYP_Antigravit
y/client/node_modules/r
ollup/dist/es/shared/no
de-entry.js:12179:15)[
39m
